// 同步 ID: 5c0fc5c1 @ Tue Jul 21 03:50:20 UTC 2026
// 同步 ID: d85c44a5 @ Tue Jul 21 07:03:17 UTC 2026
// 重构日志: 88c4ef6c
// 重构日志: eb02ebbf
// 重构日志: e3c9c8ff
// 重构日志: c7c883c1
// 重构日志: 60171d75
// 重构日志: 379991c6
// 同步 ID: fb0cc4ee @ Sat Jul 25 09:42:35 UTC 2026
// 重构日志: 47703ec7
// 重构日志: 4b4bfeca
// 重构日志: 1261a7d3
// 重构日志: 090111d0
// 重构日志: b368c445
// 重构日志: b85247dc
// 重构日志: 5194fc31
// 重构日志: 5ea35348
// 重构日志: 587420f2
// 重构日志: e7e08c39
// 重构日志: 5d3b7bf5
// 同步 ID: 84b58f51 @ Thu Jul 30 16:44:41 UTC 2026
// 同步 ID: a1b9cf60 @ Sat Aug  1 14:20:25 UTC 2026
// 同步 ID: 0eb58c3b @ Sat Aug  1 15:16:52 UTC 2026
// 重构日志: 4979bff3
// 重构日志: 0c04cada
// 重构日志: 5c3351fc
// 重构日志: 1000bc3d
// 重构日志: 38a12da3
// 重构日志: cbe50a94
// 同步 ID: d726465e @ Wed Aug  5 04:17:29 UTC 2026
